
Michael@HeissenbergerB MINGW64 ~
$ git init
Initialized empty Git repository in C:/Users/Michael/.git/

Michael@HeissenbergerB MINGW64 ~ (master)
$ git remote add origin https://github.com/hei18007/bene.git

Michael@HeissenbergerB MINGW64 ~ (master)
$ pwd
/c/Users/Michael

Michael@HeissenbergerB MINGW64 ~ (master)
$ cd desktop

Michael@HeissenbergerB MINGW64 ~/desktop (master)
$ mkdir
mkdir: missing operand
Try 'mkdir --help' for more information.

Michael@HeissenbergerB MINGW64 ~/desktop (master)
$ mkdir test

Michael@HeissenbergerB MINGW64 ~/desktop (master)
$ cd test

Michael@HeissenbergerB MINGW64 ~/desktop/test (master)
$ git init
Initialized empty Git repository in C:/Users/Michael/Desktop/test/.git/

Michael@HeissenbergerB MINGW64 ~/desktop/test (master)
$ git status
On branch master

Initial commit

Untracked files:
  (use "git add <file>..." to include in what will be committed)

        Student.java

nothing added to commit but untracked files present (use "git add" to track)

Michael@HeissenbergerB MINGW64 ~/desktop/test (master)
$ git add .

Michael@HeissenbergerB MINGW64 ~/desktop/test (master)
$ git commit -m "Student class"
[master (root-commit) f3a378a] Student class
 Committer: Michael Wenzl <Michael Wenzl>
Your name and email address were configured automatically based
on your username and hostname. Please check that they are accurate.
You can suppress this message by setting them explicitly. Run the
following command and follow the instructions in your editor to edit
your configuration file:

    git config --global --edit

After doing this, you may fix the identity used for this commit with:

    git commit --amend --reset-author

 1 file changed, 4 insertions(+)
 create mode 100644 Student.java

Michael@HeissenbergerB MINGW64 ~/desktop/test (master)
$ git push -u origin master
fatal: 'origin' does not appear to be a git repository
fatal: Could not read from remote repository.

Please make sure you have the correct access rights
and the repository exists.

Michael@HeissenbergerB MINGW64 ~/desktop/test (master)
$ git remote add origin https://github.com/hei18007/bene.git

Michael@HeissenbergerB MINGW64 ~/desktop/test (master)
$ git push -u origin master
fatal: unable to access 'https://github.com/hei18007/bene.git/': SSL certificate problem: self signed certificate in certificate chain

Michael@HeissenbergerB MINGW64 ~/desktop/test (master)
$
